
===== Consolidation 2026-08-05T15:31:40.016540Z =====
  1-8m59X9MCx3WZq6r8CbogeFRrugmZsVT.csv: 17 lues -> 17 gardées
  1-EyJsVRpnOd9-pN3N0FcYjmmPceykqZi.csv: 100 lues -> 100 gardées
  11JukvrerKcsIN8FL2y0CrDnMTC0RoLEO.csv: 151 lues -> 151 gardées
  12f4_406mFuLCwWIc3acs-96e-_J_HRKb.csv: 10 lues -> 10 gardées
  14Y5aobbwASyOseC0WMn1OMtdiIXdmLAS.csv: 74 lues -> 74 gardées
  15752eX1MpsXh3faRzxFZVj_MkuYCqztN.csv: 100 lues -> 100 gardées
  1581I9vICsfwQNiKY2XngdSy7D2WVEuNl.csv: 10 lues -> 10 gardées
  1B5XutN3zTXmLTB6CpgA9fUntk4JIweHC.csv: 100 lues -> 100 gardées
  1C-riX0u7h_uahUC-gOS3_Cr-i3q6zz-t.csv: 965 lues -> 965 gardées
  1C9uWOUUq4gzcvVt35GfAgiT-VKi8RI2t.csv: 100 lues -> 100 gardées
  1DHIGF0RW2vCSMfMCWx7tyRWkAfdqUptd.csv: 34 lues -> 34 gardées
  1IZUWy6moSaYfeNLkpW568gudu4xJHCLO.csv: 568 lues -> 568 gardées
  1Kxm_LRpVvChxKN8uyIZjPLnID1SN1uCq.csv: 60 lues -> 60 gardées
  1LiFSToDRFlbNW-Xi1YFgF9j6KCWVbHqp.csv: 10 lues -> 10 gardées
  1Ljptlm2N58hVIlQ-kFzyyrqXtW6WpnF3.csv: 130 lues -> 130 gardées
  1NtcCJzKa6OaeTTC18_Bsj5EpRuOCdvXK.csv: 33 lues -> 33 gardées
  1O73dvHdUsGcC6opF0e2V9JpnmA9E07CI.csv: 279 lues -> 279 gardées
  1OtbRGbKgs6FHejNbky-q3o1yG4_oLlxG.csv: 10 lues -> 10 gardées
  1QJqgQJzbJBPemIAcaja_qkt6AtPfUWk7.csv: 10 lues -> 10 gardées
  1R83gPVq4DLYgGiOeYErmWf4jx7ybb83F.csv: 4 lues -> 4 gardées
  1RdGHu3its1nzpkTkxSJzcYQV9IzTDuWw.csv: 4 lues -> 4 gardées
  1UGhTQRREkJ3kz6iHTzulIMtlM7_wTh0m.csv: 406 lues -> 406 gardées
  1YlHwuF8KhOWthPbo4cqiSnOQv8PBffRX.csv: 36 lues -> 36 gardées
  1aUUEJRWDT5vfsYEhN_1MSnTLOGH84Y4-.csv: 488 lues -> 488 gardées
  1b-jHF-GXldMY6jvgpIxkuTL7lsfaBvBs.csv: 499 lues -> 499 gardées
  1bO0msJIq6AIV6flEbdtvewN4_gTjgtyQ.csv: 58 lues -> 58 gardées
  1btDEEgd7N932WsQ0t_RhLZ1HhoBT3nA1.csv: 10 lues -> 10 gardées
  1btFixuJmpPLTiXYpgzdzZrbfnAm1xQh7.csv: 100 lues -> 100 gardées
  1fPUkK0uQ-Hosh8hAUhC5aPrEA70SuKm0.csv: 113 lues -> 113 gardées
  1gantHXOq22wUhVipmcBQ8BmcXXHIDuYV.csv: 622 lues -> 622 gardées
  1hyp9_Je828VHQmQw-34TVvVWd7DwmOef.csv: 10 lues -> 10 gardées
  1moCVHq7QYzp4cg9tnKxcdeYWA8lrbM6V.csv: 10 lues -> 10 gardées
  1p2BpeguSiQ-choO5W2-UmGkj6Z-p_IEq.csv: 1859 lues -> 1859 gardées
  1r9QFaobjVZAaxmUpLOd-k7cJ_8k7Svh_.csv: 498 lues -> 498 gardées
  1rswoRMQs59awGYDGOrOvlgWnqVr4GyXx.csv: 500 lues -> 500 gardées
  1sWq0hB1Em9LF75eWPx3bycDDrF8CJCM9.csv: 321 lues -> 321 gardées
  1uF8VXi-SK6nM9YeSy5tj4mmjszS220mO.csv: 22 lues -> 22 gardées
  1uqAX6WC5clblGNng0barTZUoM7SbhmbX.csv: 10 lues -> 10 gardées
  1y2Kn3IEuKUHPVAnNYXQ9UzADdY98pW-8.csv: 10 lues -> 10 gardées
  Total avant dédoublonnage: 8341
  Doublons retirés: 767
  TOTAL base maître: 7574
  Avec email: 4551 | dont nominatifs: 4549 | génériques: 2
  Avec téléphone: 6
